lawtonnichols:cs16/ $ cd git_test                        [15:17:11]
lawtonnichols:git_test/ $ git init                       [15:17:25]
Initialized empty Git repository in /Users/lawtonnichols/Desktop/cs16/git_test/.git/
lawtonnichols:git_test/ (master) $ git status                       [15:17:27]
On branch master

Initial commit

nothing to commit (create/copy files and use "git add" to track)
lawtonnichols:git_test/ (master) $ echo "HI" > file.txt                       [15:17:34]
lawtonnichols:git_test/ (master*) $ git status                       [15:17:47]
On branch master

Initial commit

Untracked files:
  (use "git add <file>..." to include in what will be committed)






    file.txt

nothing added to commit but untracked files present (use "git add" to track)
lawtonnichols:git_test/ (master*) $ git add file.txt                        [15:17:49]
lawtonnichols:git_test/ (master*) $ git status                       [15:18:03]
On branch master

Initial commit

Changes to be committed:
  (use "git rm --cached <file>..." to unstage)

    new file:   file.txt

lawtonnichols:git_test/ (master*) $ git commit -c "Initial commit"               [15:18:05]
fatal: could not lookup commit Initial commit
lawtonnichols:git_test/ (master*) $ git commit -m "Initial commit"               [15:18:19]
[master (root-commit) 10ea924] Initial commit
 1 file changed, 1 insertion(+)
 create mode 100644 file.txt
lawtonnichols:git_test/ (master) $ git status                       [15:18:28]











On branch master
nothing to commit, working tree clean
lawtonnichols:git_test/ (master) $ git log                       [15:18:34]
lawtonnichols:git_test/ (master) $ echo "BYE" > file.txt                        [15:18:46]
lawtonnichols:git_test/ (master*) $ git status                       [15:18:53]
On branch master
Changes not staged for commit:
  (use "git add <file>..." to update what will be committed)
  (use "git checkout -- <file>..." to discard changes in working directory)

    modified:   file.txt

no changes added to commit (use "git add" and/or "git commit -a")
lawtonnichols:git_test/ (master*) $ git add file.txt                        [15:18:54]
lawtonnichols:git_test/ (master*) $ git status                       [15:19:07]
On branch master
Changes to be committed:
  (use "git reset HEAD <file>..." to unstage)

    modified:   file.txt

lawtonnichols:git_test/ (master*) $ git commit -m "Second commit"                [15:19:08]
[master bcddb3d] Second commit
 1 file changed, 1 insertion(+), 1 deletion(-)
lawtonnichols:git_test/ (master) $ git log